
Memory Configuration

Name             Origin             Length             Attributes
RAM              0x20000000         0x00020000         xrw
FLASH            0x08000000         0x00100000         xrw
CCMRAM           0x10000000         0x00010000         xrw
*default*        0x00000000         0xffffffff

Linker script and memory map

                0x20020000                        _estack = (ORIGIN (RAM) + LENGTH (RAM))
                0x00000200                        _Min_Heap_Size = 0x200
                0x00000400                        _Min_Stack_Size = 0x400

.isr_vector     0x08000000      0x188
                0x08000000                        . = ALIGN (0x4)
 *(.isr_vector)
 .isr_vector    0x08000000      0x188 startup_stm32f407xx.o
                0x08000000                Vector_Table
                0x08000188                        . = ALIGN (0x4)

.text           0x08000188       0xc4
                0x08000188                        . = ALIGN (0x4)
 *(.text)
 .text          0x08000188       0xb8 startup_stm32f407xx.o
                0x08000188                Reset_Handler
                0x0800021c                HardFault_Handler
                0x08000228                TIM8_CC_IRQHandler
                0x08000228                DebugMon_Handler
                0x08000228                TIM1_CC_IRQHandler
                0x08000228                DMA2_Stream5_IRQHandler
                0x08000228                EXTI2_IRQHandler
                0x08000228                HASH_RNG_IRQHandler
                0x08000228                DMA1_Stream5_IRQHandler
                0x08000228                SysTick_Handler
                0x08000228                PVD_IRQHandler
                0x08000228                SDIO_IRQHandler
                0x08000228                TAMP_STAMP_IRQHandler
                0x08000228                PendSV_Handler
                0x08000228                NMI_Handler
                0x08000228                CAN2_RX1_IRQHandler
                0x08000228                EXTI3_IRQHandler
                0x08000228                TIM8_TRG_COM_TIM14_IRQHandler
                0x08000228                TIM1_UP_TIM10_IRQHandler
                0x08000228                TIM8_UP_TIM13_IRQHandler
                0x08000228                I2C3_ER_IRQHandler
                0x08000228                EXTI0_IRQHandler
                0x08000228                I2C2_EV_IRQHandler
                0x08000228                DMA1_Stream2_IRQHandler
                0x08000228                CAN1_RX0_IRQHandler
                0x08000228                FPU_IRQHandler
                0x08000228                OTG_HS_WKUP_IRQHandler
                0x08000228                UsageFault_Handler
                0x08000228                CAN2_SCE_IRQHandler
                0x08000228                DMA2_Stream2_IRQHandler
                0x08000228                SPI1_IRQHandler
                0x08000228                TIM6_DAC_IRQHandler
                0x08000228                TIM1_BRK_TIM9_IRQHandler
                0x08000228                DCMI_IRQHandler
                0x08000228                CAN2_RX0_IRQHandler
                0x08000228                DMA2_Stream3_IRQHandler
                0x08000228                USART6_IRQHandler
                0x08000228                USART3_IRQHandler
                0x08000228                RTC_Alarm_IRQHandler
                0x08000228                CAN1_RX1_IRQHandler
                0x08000228                UART5_IRQHandler
                0x08000228                DMA2_Stream0_IRQHandler
                0x08000228                TIM4_IRQHandler
                0x08000228                I2C1_EV_IRQHandler
                0x08000228                DMA1_Stream6_IRQHandler
                0x08000228                DMA1_Stream1_IRQHandler
                0x08000228                UART4_IRQHandler
                0x08000228                TIM3_IRQHandler
                0x08000228                RCC_IRQHandler
                0x08000228                TIM8_BRK_TIM12_IRQHandler
                0x08000228                Default_Handler
                0x08000228                EXTI15_10_IRQHandler
                0x08000228                ADC_IRQHandler
                0x08000228                DMA1_Stream7_IRQHandler
                0x08000228                TIM7_IRQHandler
                0x08000228                CAN2_TX_IRQHandler
                0x08000228                TIM5_IRQHandler
                0x08000228                DMA2_Stream7_IRQHandler
                0x08000228                I2C3_EV_IRQHandler
                0x08000228                EXTI9_5_IRQHandler
                0x08000228                RTC_WKUP_IRQHandler
                0x08000228                ETH_WKUP_IRQHandler
                0x08000228                SPI2_IRQHandler
                0x08000228                OTG_HS_EP1_IN_IRQHandler
                0x08000228                MemManage_Handler
                0x08000228                DMA1_Stream0_IRQHandler
                0x08000228                CAN1_TX_IRQHandler
                0x08000228                SVC_Handler
                0x08000228                EXTI4_IRQHandler
                0x08000228                FSMC_IRQHandler
                0x08000228                ETH_IRQHandler
                0x08000228                OTG_HS_EP1_OUT_IRQHandler
                0x08000228                WWDG_IRQHandler
                0x08000228                TIM2_IRQHandler
                0x08000228                OTG_FS_WKUP_IRQHandler
                0x08000228                TIM1_TRG_COM_TIM11_IRQHandler
                0x08000228                OTG_HS_IRQHandler
                0x08000228                EXTI1_IRQHandler
                0x08000228                USART2_IRQHandler
                0x08000228                I2C2_ER_IRQHandler
                0x08000228                DMA2_Stream1_IRQHandler
                0x08000228                CAN1_SCE_IRQHandler
                0x08000228                FLASH_IRQHandler
                0x08000228                DMA2_Stream4_IRQHandler
                0x08000228                BusFault_Handler
                0x08000228                USART1_IRQHandler
                0x08000228                OTG_FS_IRQHandler
                0x08000228                SPI3_IRQHandler
                0x08000228                DMA1_Stream4_IRQHandler
                0x08000228                I2C1_ER_IRQHandler
                0x08000228                DMA2_Stream6_IRQHandler
                0x08000228                DMA1_Stream3_IRQHandler
 .text          0x08000240        0xc Application.o
                0x08000240                main
 *(.text*)
                0x0800024c                        . = ALIGN (0x4)
                0x0800024c                        _etext = .

.glue_7         0x0800024c        0x0
 .glue_7        0x0800024c        0x0 linker stubs

.glue_7t        0x0800024c        0x0
 .glue_7t       0x0800024c        0x0 linker stubs

.vfp11_veneer   0x0800024c        0x0
 .vfp11_veneer  0x0800024c        0x0 linker stubs

.v4_bx          0x0800024c        0x0
 .v4_bx         0x0800024c        0x0 linker stubs

.iplt           0x0800024c        0x0
 .iplt          0x0800024c        0x0 startup_stm32f407xx.o

.rodata         0x0800024c        0x4
                0x0800024c                        . = ALIGN (0x4)
 *(.rodata)
 .rodata        0x0800024c        0x4 startup_stm32f407xx.o
                0x0800024c                MSP_Value
 *(.rodata*)
                0x08000250                        . = ALIGN (0x4)
                0x08000250                        _erodata = .

.rel.dyn        0x08000250        0x0
 .rel.iplt      0x08000250        0x0 startup_stm32f407xx.o

.data           0x20000000        0x0 load address 0x08000250
                0x20000000                        . = ALIGN (0x4)
                0x20000000                        _sdata = .
 *(.data)
 .data          0x20000000        0x0 startup_stm32f407xx.o
 .data          0x20000000        0x0 Application.o
 *(.data*)
                0x20000000                        . = ALIGN (0x4)
                0x20000000                        _edata = .

.igot.plt       0x20000000        0x0 load address 0x08000250
 .igot.plt      0x20000000        0x0 startup_stm32f407xx.o
                0x20000000                        . = ALIGN (0x4)

.bss            0x20000000        0x0 load address 0x08000250
                0x20000000                        _sbss = .
 *(.bss)
 .bss           0x20000000        0x0 startup_stm32f407xx.o
 .bss           0x20000000        0x0 Application.o
 *(.bss*)
                0x20000000                        . = ALIGN (0x4)
                0x20000000                        _ebss = .

._user_heap_stack
                0x20000000      0x600 load address 0x08000250
                0x20000000                        . = ALIGN (0x8)
                0x20000200                        . = (. + _Min_Heap_Size)
 *fill*         0x20000000      0x200 
                0x20000600                        . = (. + _Min_Stack_Size)
 *fill*         0x20000200      0x400 
                0x20000600                        . = ALIGN (0x8)
LOAD startup_stm32f407xx.o
LOAD Application.o
OUTPUT(startup_stm32f407xx.elf elf32-littlearm)
LOAD linker stubs

.comment        0x00000000       0x43
 .comment       0x00000000       0x43 startup_stm32f407xx.o
                                 0x44 (size before relaxing)
 .comment       0x00000043       0x44 Application.o

.ARM.attributes
                0x00000000       0x2a
 .ARM.attributes
                0x00000000       0x2a startup_stm32f407xx.o
 .ARM.attributes
                0x0000002a       0x2a Application.o
